    warning: incompatible types given to Q2.Agg.execute/2:

        Q2.Agg.execute(s, c)

    given types:

        dynamic(%Q2.Agg{}), -dynamic(%Q2.Other.Cmd{})-

    but expected one of:

        %Q2.Agg{}, %Q2.Cmd.A{} or %Q2.Cmd.B{}

    where "c" was given the type:

        # type: dynamic(%Q2.Other.Cmd{})
        # from: q2.ex:56:46
        %Q2.Other.Cmd{} = c

    where "s" was given the type:

        # type: dynamic(%Q2.Agg{})
        # from: q2.ex:56:25
        %Q2.Agg{} = s

    type warning found at:
    │
 56 │   def foreign(%Q2.Agg{} = s, %Q2.Other.Cmd{} = c), do: Q2.Agg.execute(s, c)
    │                                                               ~
    │
    └─ q2.ex:56:63: Q2.Caller.foreign/2

    warning: incompatible types given to Q2.Agg.evolve/2:

        Q2.Agg.evolve(s, e2)

    given types:

        dynamic(%Q2.Agg{}), -dynamic(%Q2.E2{})-

    but expected one of:

        %Q2.Agg{}, %Q2.E1{}

    where "e2" was given the type:

        # type: dynamic(%Q2.E2{})
        # from: q2.ex:51:66
        %Q2.E2{} = e2

    where "s" was given the type:

        # type: dynamic(%Q2.Agg{})
        # from: q2.ex:51:37
        %Q2.Agg{} = s

    type warning found at:
    │
 52 │     do: {Q2.Agg.evolve(s, e1), Q2.Agg.evolve(s, e2)}
    │                                       ~
    │
    └─ q2.ex:52:39: Q2.Repo.__es_check_evolve__/3

    warning: unknown key .nmae in expression:

        state.nmae

    the given type does not have the given key:

        dynamic(%Q2.Agg{id: term(), version: term(), name: term()})

    where "state" was given the type:

        # type: dynamic(%Q2.Agg{})
        # from: q2.ex:59:29
        {:ok, {_events, state}} = Q2.Agg.execute(s, c)

    type warning found at:
    │
 60 │     state.nmae
    │           ~~~~
    │
    └─ q2.ex:60:11: Q2.Caller.typo/2
