==> core
Compiling 12 files (.ex)
    warning: unused alias Result
    │
 32 │   alias Core.Result
    │   ~
    │
    └─ lib/core/prim.ex:32:3

==> blind
Compiling 27 files (.ex)
    warning: incompatible types given to Blind.Account.execute/2:

        Blind.Account.execute(state, cmd)

    given types:

        dynamic(%Blind.Account{}), -dynamic(%Blind.Order.Cmd.Place{})-

    but expected one of:

        (
          %Blind.Account{},
          %Blind.Account.Cmd.Close{} or %Blind.Account.Cmd.Freeze{} or %Blind.Account.Cmd.Open{} or
            %Blind.Account.Cmd.Rename{} or
            %{
              ...,
              __struct__: Blind.Account.Cmd.Close or Blind.Account.Cmd.Freeze or Blind.Account.Cmd.Rename
            }
        )

    where "cmd" was given the type:

        # type: dynamic(%Blind.Order.Cmd.Place{})
        # from: lib/scenarios/p0.ex:14:61
        %Blind.Order.Cmd.Place{} = cmd

    where "state" was given the type:

        # type: dynamic(%Blind.Account{})
        # from: lib/scenarios/p0.ex:14:33
        %Blind.Account{} = state

    type warning found at:
    │
 15 │     do: Account.execute(state, cmd)
    │                 ~
    │
    └─ lib/scenarios/p0.ex:15:17: Blind.S.P0.a1_foreign_cmd/2

    warning: incompatible types given to Blind.Account.execute/2:

        Blind.Account.execute(state, %Blind.Account.Cmd.Orphan{by: by, at: at})

    given types:

        (
          dynamic(%Blind.Account{}),
          -dynamic(%Blind.Account.Cmd.Orphan{by: %Blind.UserID{}, at: %Core.Es.Event.At{}})-
        )

    but expected one of:

        (
          %Blind.Account{},
          %Blind.Account.Cmd.Close{} or %Blind.Account.Cmd.Freeze{} or %Blind.Account.Cmd.Open{} or
            %Blind.Account.Cmd.Rename{} or
            %{
              ...,
              __struct__: Blind.Account.Cmd.Close or Blind.Account.Cmd.Freeze or Blind.Account.Cmd.Rename
            }
        )

    where "at" was given the type:

        # type: dynamic(%Core.Es.Event.At{})
        # from: lib/scenarios/p0.ex:18:78
        %Core.Es.Event.At{} = at

    where "by" was given the type:

        # type: dynamic(%Blind.UserID{})
        # from: lib/scenarios/p0.ex:18:57
        %Blind.UserID{} = by

    where "state" was given the type:

        # type: dynamic(%Blind.Account{})
        # from: lib/scenarios/p0.ex:18:38
        %Blind.Account{} = state

    type warning found at:
    │
 19 │     do: Account.execute(state, %Account.Cmd.Orphan{by: by, at: at})
    │                 ~
    │
    └─ lib/scenarios/p0.ex:19:17: Blind.S.P0.a2_no_decide_clause/3

    warning: incompatible types given to Blind.Account.execute/2:

        Blind.Account.execute(state, cmd)

    given types:

        -dynamic(%Blind.Order{})-, dynamic(%Blind.Account.Cmd.Open{})

    but expected one of:

        (
          %Blind.Account{},
          %Blind.Account.Cmd.Close{} or %Blind.Account.Cmd.Freeze{} or %Blind.Account.Cmd.Open{} or
            %Blind.Account.Cmd.Rename{} or
            %{
              ...,
              __struct__: Blind.Account.Cmd.Close or Blind.Account.Cmd.Freeze or Blind.Account.Cmd.Rename
            }
        )

    where "cmd" was given the type:

        # type: dynamic(%Blind.Account.Cmd.Open{})
        # from: lib/scenarios/p0.ex:22:62
        %Blind.Account.Cmd.Open{} = cmd

    where "state" was given the type:

        # type: dynamic(%Blind.Order{})
        # from: lib/scenarios/p0.ex:22:33
        %Blind.Order{} = state

    type warning found at:
    │
 23 │     do: Account.execute(state, cmd)
    │                 ~
    │
    └─ lib/scenarios/p0.ex:23:17: Blind.S.P0.a3_foreign_state/2

    warning: the following clause will never match:

        {:ok, events} when is_list(events) ->

    because it attempts to match on the result of:

        Blind.Account.execute(state, cmd)

    which has type:

        dynamic(
          {:error, %Core.Error{}} or
            {:ok, {empty_list() or non_empty_list(term(), term()), %Blind.Account{}}}
        )

    where "events" was given the type:

        # type: empty_list() or non_empty_list(term(), term())
        # from: lib/scenarios/p0.ex:28:26
        is_list(events)

    type warning found at:
    │
 28 │       {:ok, events} when is_list(events) -> events
    │       ~~~~~~~~~~~~~~~~~~~~~~~~~~~~~~~~~~~~~~~~~~~~
    │
    └─ lib/scenarios/p0.ex:28: Blind.S.P0.a4a_case_events_list/2

    warning: incompatible types given to Blind.Account.Event.Opened.new/5:

        Blind.Account.Event.Opened.new(payload, Blind.Order.ID.new(), Core.Version.new(), by, at)

    given types:

        (
          dynamic(%Blind.Account.Event.Opened.Payload{}),
          -dynamic(%Blind.Order.ID{})-,
          dynamic(%Core.Version{}),
          dynamic(%Blind.UserID{}),
          dynamic(%Core.Es.Event.At{})
        )

    but expected one of:

        (
          %Blind.Account.Event.Opened.Payload{},
          %Blind.Account.ID{},
          %Core.Version{},
          %Blind.UserID{},
          %Core.Es.Event.At{}
        )

    where "at" was given the type:

        # type: dynamic(%Core.Es.Event.At{})
        # from: lib/scenarios/p0.ex:51:100
        %Core.Es.Event.At{} = at

    where "by" was given the type:

        # type: dynamic(%Blind.UserID{})
        # from: lib/scenarios/p0.ex:51:79
        %Blind.UserID{} = by

    where "payload" was given the type:

        # type: dynamic(%Blind.Account.Event.Opened.Payload{})
        # from: lib/scenarios/p0.ex:51:58
        %Blind.Account.Event.Opened.Payload{} = payload

    type warning found at:
    │
 52 │     do: Account.Event.Opened.new(payload, Order.ID.new(), Version.new(), by, at)
    │                              ~
    │
    └─ lib/scenarios/p0.ex:52:30: Blind.S.P0.d2b_foreign_id_new/3

    warning: incompatible types given to Blind.Account.Repo.Pg.get/3:

        Blind.Account.Repo.Pg.get(Blind.Order.ID.new(), :current, context)

    given types:

        -dynamic(%Blind.Order.ID{})-, :current, dynamic(%Core.Context{})

    but expected one of:

        %Blind.Account.ID{}, %{..., __struct__: Core.Version} or :current, %Core.Context{}

    where "context" was given the type:

        # type: dynamic(%Core.Context{})
        # from: lib/scenarios/p0.ex:55:37
        %Core.Context{} = context

    type warning found at:
    │
 55 │   def e1b_foreign_id_new(%Context{} = context), do: @repo.get(Order.ID.new(), :current, context)
    │                                                           ~
    │
    └─ lib/scenarios/p0.ex:55:59: Blind.S.P0.e1b_foreign_id_new/1

    warning: incompatible types given to Blind.Account.Process.execute/4:

        Blind.Account.Process.execute(Blind.Order.ID.new(), :current, cmd, context)

    given types:

        (
          -dynamic(%Blind.Order.ID{})-,
          :current,
          dynamic(%Blind.Account.Cmd.Open{}),
          dynamic(%Core.Context{})
        )

    but expected one of:

        (
          %Blind.Account.ID{},
          %{..., __struct__: Core.Version} or :current,
          %{..., __struct__: atom()},
          %Core.Context{}
        )

    where "cmd" was given the type:

        # type: dynamic(%Blind.Account.Cmd.Open{})
        # from: lib/scenarios/p0.ex:58:46
        %Blind.Account.Cmd.Open{} = cmd

    where "context" was given the type:

        # type: dynamic(%Core.Context{})
        # from: lib/scenarios/p0.ex:58:64
        %Core.Context{} = context

    type warning found at:
    │
 59 │     do: Account.Process.execute(Order.ID.new(), :current, cmd, context)
    │                         ~
    │
    └─ lib/scenarios/p0.ex:59:25: Blind.S.P0.f1b_foreign_id_new/2

    warning: the following clause will never match:

        {:ok, state} ->

    because it attempts to match on the result of:

        Blind.Account.Process.execute(id, :current, cmd, context)

    which has type:

        dynamic(:ok or {:error, term()})

    type warning found at:
    │
 68 │       {:ok, state} -> state
    │       ~~~~~~~~~~~~~~~~~~~~~
    │
    └─ lib/scenarios/p0.ex:68: Blind.S.P0.f5_case/3

    warning: the following clause will never match:

        {:ok, _} ->

    because it attempts to match on the result of:

        Blind.Account.Repo.Pg.append([event], context)

    which has type:

        dynamic(:ok or {:error, term()})

    type warning found at:
    │
 77 │       {:ok, _} -> :ok
    │       ~~~~~~~~~~~~~~~
    │
    └─ lib/scenarios/p0.ex:77: Blind.S.P0.e8_case_append/2

    warning: incompatible types given to Blind.AlwaysFails.execute/2:

        Blind.AlwaysFails.execute(state, cmd)

    given types:

        dynamic(%Blind.AlwaysFails{}), -dynamic(%Blind.Order.Cmd.Cancel{})-

    but expected one of:

        %Blind.AlwaysFails{}, %Blind.Order.Cmd.Place{}

    where "cmd" was given the type:

        # type: dynamic(%Blind.Order.Cmd.Cancel{})
        # from: lib/scenarios/p0.ex:90:81
        %Blind.Order.Cmd.Cancel{} = cmd

    where "state" was given the type:

        # type: dynamic(%Blind.AlwaysFails{})
        # from: lib/scenarios/p0.ex:90:52
        %Blind.AlwaysFails{} = state

    type warning found at:
    │
 91 │     do: Blind.AlwaysFails.execute(state, cmd)
    │                           ~
    │
    └─ lib/scenarios/p0.ex:91:27: Blind.S.P0.a1_always_fails_foreign/2

    warning: unknown key .nmae in expression:

        executed.nmae

    the given type does not have the given key:

        dynamic(%Blind.Account{id: term(), version: term(), name: term(), status: term()})

    where "executed" was given the type:

        # type: dynamic(%Blind.Account{})
        # from: lib/scenarios/p0.ex:35:32
        {:ok, {_events, executed}} = Blind.Account.execute(state, cmd)

    type warning found at:
    │
 36 │     executed.nmae
    │              ~~~~
    │
    └─ lib/scenarios/p0.ex:36:14: Blind.S.P0.a5a_state_typo/2

    warning: unknown key .nmae in expression:

        state.nmae

    the given type does not have the given key:

        dynamic(%Blind.Account{id: term(), version: term(), name: term(), status: term()})

    where "state" was given the type:

        # type: dynamic(%Blind.Account{})
        # from: lib/scenarios/p0.ex:41:23
        {:ok, state} <- Blind.Account.Repo.Pg.get(id, :current, context)

    type warning found at:
    │
 41 │     with {:ok, state} <- @repo.get(id, :current, context), do: state.nmae
    │                                                                      ~~~~
    │
    └─ lib/scenarios/p0.ex:41:70: Blind.S.P0.e5_state_typo/2

    warning: unknown key .nmae in expression:

        refreshed.nmae

    the given type does not have the given key:

        dynamic(%Blind.Account{id: term(), version: term(), name: term(), status: term()})

    where "refreshed" was given the type:

        # type: dynamic(%Blind.Account{})
        # from: lib/scenarios/p0.ex:46:22
        {:ok, refreshed} = Blind.Account.Repo.Pg.refresh(state, :current, context)

    type warning found at:
    │
 47 │     refreshed.nmae
    │               ~~~~
    │
    └─ lib/scenarios/p0.ex:47:15: Blind.S.P0.e5b_refresh_typo/2

    warning: unknown key .nmae in expression:

        executed.nmae

    the given type does not have the given key:

        dynamic(%Blind.NeverFails{id: term(), version: term(), cancelled?: term()})

    where "executed" was given the type:

        # type: dynamic(%Blind.NeverFails{})
        # from: lib/scenarios/p0.ex:85:32
        {:ok, {_events, executed}} = Blind.NeverFails.execute(state, cmd)

    type warning found at:
    │
 86 │     executed.nmae
    │              ~~~~
    │
    └─ lib/scenarios/p0.ex:86:14: Blind.S.P0.a5a_never_fails_typo/2

    warning: unknown key .valeu in expression:

        Core.Es.Event.At.now!().valeu

    the given type does not have the given key:

        dynamic(%Core.Es.Event.At{value: term()})

    type warning found at:
    │
 94 │   def at_now_typo, do: Es.Event.At.now!().valeu
    │                                           ~~~~~
    │
    └─ lib/scenarios/p0.ex:94:43: Blind.S.P0.at_now_typo/0

    warning: unknown key .valeu in expression:

        Core.Version.new().valeu

    the given type does not have the given key:

        dynamic(%Core.Version{value: term()})

    type warning found at:
    │
 95 │   def version_new_typo, do: Version.new().valeu
    │                                           ~~~~~
    │
    └─ lib/scenarios/p0.ex:95:43: Blind.S.P0.version_new_typo/0

Generated blind app
