    warning: incompatible types given to Kernel.byte_size/1:

        byte_size(%E09.Account{...}.balance)

    given types:

        -integer()-

    but expected one of:

        bitstring()

    type warning found at:
    │
 14 │   def field_type_from_default, do: byte_size(%__MODULE__{}.balance)
    │                                    ~
    │
    └─ e09_structs.ex:14:36: E09.Account.field_type_from_default/0

    warning: incompatible types given to E09.Account.evolve/2:

        E09.Account.evolve(%E09.Account{...}, %E09.Deposited{amount: "ten"})

    given types:

        %E09.Account{balance: integer()}, -%E09.Deposited{amount: binary()}-

    but expected one of:

        %E09.Account{balance: float() or integer()}, %E09.Deposited{amount: float() or integer()}

    type warning found at:
    │
 28 │   def wrong_field_value, do: Account.evolve(%Account{}, %Deposited{amount: "ten"})
    │                                      ~
    │
    └─ e09_structs.ex:28:38: E09.Caller.wrong_field_value/0

    warning: a struct for E09.Account is expected on struct update:

        %E09.Account{s | balance: 1}

    but got type:

        dynamic()

    where "s" was given the type:

        # type: dynamic()
        # from: e09_structs.ex:19:23
        s

    when defining the variable "s", you must also pattern match on "%E09.Account{}"

    type warning found at:
    │
 19 │   def update_unproven(s), do: %__MODULE__{s | balance: 1}
    │                               ~
    │
    └─ e09_structs.ex:19:31: E09.Account.update_unproven/1

    warning: incompatible types given to E09.Account.evolve/2:

        E09.Account.evolve(%E09.Account{...}, %E09.Account{...})

    given types:

        %E09.Account{balance: integer()}, -%E09.Account{balance: integer()}-

    but expected one of:

        %E09.Account{balance: float() or integer()}, %E09.Deposited{amount: float() or integer()}

    type warning found at:
    │
 29 │   def wrong_event, do: Account.evolve(%Account{}, %Account{})
    │                                ~
    │
    └─ e09_structs.ex:29:32: E09.Caller.wrong_event/0

    warning: incompatible types given to E09.Account.evolve/2:

        E09.Account.evolve(%E09.Account{...}, %{amount: 1})

    given types:

        %E09.Account{balance: integer()}, -%{amount: integer()}-

    but expected one of:

        %E09.Account{balance: float() or integer()}, %E09.Deposited{amount: float() or integer()}

    type warning found at:
    │
 30 │   def map_instead_of_struct, do: Account.evolve(%Account{}, %{amount: 1})
    │                                          ~
    │
    └─ e09_structs.ex:30:42: E09.Caller.map_instead_of_struct/0

    warning: expected a map with key :balanse in map update syntax:

        %{s | balanse: 1}

    but got type:

        dynamic(%E09.Account{balance: term()})

    where "s" was given the type:

        # type: dynamic(%E09.Account{})
        # from: e09_structs.ex:22:42
        %E09.Account{} = s

    type warning found at:
    │
 22 │   def update_unknown_field(%__MODULE__{} = s), do: %{s | balanse: 1}
    │                                                    ~
    │
    └─ e09_structs.ex:22:52: E09.Account.update_unknown_field/1

    warning: unknown key .amout in expression:

        e.amout

    the given type does not have the given key:

        dynamic(%E09.Deposited{amount: term()})

    where "e" was given the type:

        # type: dynamic(%E09.Deposited{})
        # from: e09_structs.ex:9:28
        %E09.Deposited{} = e

    type warning found at:
    │
  9 │   def pattern(%Deposited{} = e), do: e.amout
    │                                        ~~~~~
    │
    └─ e09_structs.ex:9:40: E09.Account.pattern/1

    warning: incompatible types given to E09.Account.is_struct_guard/1:

        E09.Account.is_struct_guard(%E09.Deposited{amount: 1})

    given types:

        -%E09.Deposited{amount: integer()}-

    but expected one of:

        %{..., __struct__: E09.Deposited, amout: term()}

    type warning found at:
    │
 32 │   def call_is_struct_guard, do: Account.is_struct_guard(%Deposited{amount: 1})
    │                                         ~
    │
    └─ e09_structs.ex:32:41: E09.Caller.call_is_struct_guard/0

    warning: incompatible types given to Kernel.byte_size/1:

        byte_size(s.balance)

    given types:

        -dynamic(float() or integer())-

    but expected one of:

        bitstring()

    where "s" was given the type:

        # type: dynamic(%E09.Account{balance: float() or integer()})
        # from: e09_structs.ex:36:7
        s = E09.Account.evolve(%E09.Account{...}, %E09.Deposited{amount: 1})

    type warning found at:
    │
 37 │     byte_size(s.balance)
    │     ~
    │
    └─ e09_structs.ex:37:5: E09.Caller.result_field/0
